sysbench sweep — pg_transport vs vanilla PG
  repo:       /home/azureuser/pg_transport
  outdir:     /home/azureuser/pg_transport/docs/bench/sysbench-retry-t32
  pg:         pg18
  workloads:  oltp_point_select oltp_read_only oltp_update_index
  backends:   spi direct
  threads:    32
  tables:     16
  table_size: 100000
  duration:   20s
  pool:       <default>
  started:    2026-05-24T20:02:31+00:00

[2026-05-24T20:02:31+00:00] START [1/6] oltp_point_select be=spi threads=32
[2026-05-24T20:03:55+00:00] DONE  [1/6] oltp_point_select be=spi threads=32  vanilla=33948.42 pgt=44333.49 ratio=1.306 84s ok
[2026-05-24T20:03:55+00:00] START [2/6] oltp_point_select be=direct threads=32
[2026-05-24T20:05:18+00:00] DONE  [2/6] oltp_point_select be=direct threads=32  vanilla=33655.39 pgt=44160.81 ratio=1.312 83s ok
[2026-05-24T20:05:18+00:00] START [3/6] oltp_read_only be=spi threads=32
[2026-05-24T20:06:42+00:00] DONE  [3/6] oltp_read_only be=spi threads=32  vanilla=839.62 pgt=1833.61 ratio=2.184 84s ok
[2026-05-24T20:06:42+00:00] START [4/6] oltp_read_only be=direct threads=32
[2026-05-24T20:07:51+00:00] DONE  [4/6] oltp_read_only be=direct threads=32  vanilla=NA pgt=NA ratio=NA 69s rc=1
[2026-05-24T20:07:51+00:00] START [5/6] oltp_update_index be=spi threads=32
[2026-05-24T20:09:16+00:00] DONE  [5/6] oltp_update_index be=spi threads=32  vanilla=6797.52 pgt=6090.39 ratio=0.896 85s ok
[2026-05-24T20:09:16+00:00] START [6/6] oltp_update_index be=direct threads=32
[2026-05-24T20:10:26+00:00] DONE  [6/6] oltp_update_index be=direct threads=32  vanilla=NA pgt=NA ratio=NA 70s rc=1

[2026-05-24T20:10:26+00:00] SWEEP COMPLETE in 475s

results.tsv:
workload           backend  threads  vanilla_tps  pgt_tps   ratio
oltp_point_select  spi      32       33948.42     44333.49  1.306
oltp_point_select  direct   32       33655.39     44160.81  1.312
oltp_read_only     spi      32       839.62       1833.61   2.184
oltp_read_only     direct   32       NA           NA        NA
oltp_update_index  spi      32       6797.52      6090.39   0.896
oltp_update_index  direct   32       NA           NA        NA

Outputs:
  /home/azureuser/pg_transport/docs/bench/sysbench-retry-t32/results.tsv
  /home/azureuser/pg_transport/docs/bench/sysbench-retry-t32/results.md
  /home/azureuser/pg_transport/docs/bench/sysbench-retry-t32/run.log
  /home/azureuser/pg_transport/docs/bench/sysbench-retry-t32/progress.log
