sysbench sweep — pg_transport vs vanilla PG
  repo:       /home/azureuser/pg_transport
  outdir:     /home/azureuser/pg_transport/docs/bench/sysbench-retry-final-2
  pg:         pg18
  workloads:  oltp_update_index
  backends:   spi direct
  threads:    32
  tables:     16
  table_size: 100000
  duration:   20s
  pool:       <default>
  started:    2026-05-28T04:31:15+00:00

[2026-05-28T04:31:15+00:00] START [1/2] oltp_update_index be=spi threads=32
[2026-05-28T04:32:42+00:00] DONE  [1/2] oltp_update_index be=spi threads=32  vanilla=6367.30 pgt=5648.70 ratio=0.887 87s ok
[2026-05-28T04:32:42+00:00] START [2/2] oltp_update_index be=direct threads=32
[2026-05-28T04:33:53+00:00] DONE  [2/2] oltp_update_index be=direct threads=32  vanilla=NA pgt=NA ratio=NA 71s rc=1

[2026-05-28T04:33:53+00:00] SWEEP COMPLETE in 158s

results.tsv:
workload           backend  threads  vanilla_tps  pgt_tps  ratio
oltp_update_index  spi      32       6367.30      5648.70  0.887
oltp_update_index  direct   32       NA           NA       NA

Outputs:
  /home/azureuser/pg_transport/docs/bench/sysbench-retry-final-2/results.tsv
  /home/azureuser/pg_transport/docs/bench/sysbench-retry-final-2/results.md
  /home/azureuser/pg_transport/docs/bench/sysbench-retry-final-2/run.log
  /home/azureuser/pg_transport/docs/bench/sysbench-retry-final-2/progress.log
