=========================================================
=== [1/1] oltp_update_index be=direct threads=32 ===
=========================================================
[32m[1m       Using[0m[39m [37m[1mPgConfig("pg18")[0m[39m and `pg_config` from [36m/home/azureuser/.pgrx/18.4/pgrx-install/bin/pg_config[39m
    Finished `release` profile [optimized] target(s) in 0.11s
[32m[1m  Discovered[0m[39m [36m[1m1[0m[39m SQL entities: [36m[1m0[0m[39m schemas ([36m[1m0[0m[39m unique), [36m[1m1[0m[39m functions, [36m[1m0[0m[39m types, [36m[1m0[0m[39m enums, [36m[1m0[0m[39m sqls, [36m[1m0[0m[39m ords, [36m[1m0[0m[39m hashes, [36m[1m0[0m[39m aggregates, [36m[1m0[0m[39m triggers
[32m[1m     Writing[0m[39m SQL entities to /home/azureuser/.pgrx/18.4/pgrx-install/share/postgresql/extension/pg_transport--0.0.1.sql
sysbench: preparing 16 tables × 100000 rows in 'postgres' DB ...
Creating table 'sbtest16'...
Inserting 100000 records into 'sbtest16'
Creating a secondary index on 'sbtest16'...

sysbench: workload=oltp_update_index threads=32 duration=20s tables=16 table_size=100000 backend=direct skip_trx=off pool_ceiling=

==================================================
  vanilla PG (127.0.0.1:54329)
==================================================
sysbench 1.0.20 (using system LuaJIT 2.1.0-beta3)

Running the test with following options:
Number of threads: 32
Initializing random number generator from current time


Initializing worker threads...

Threads started!

SQL statistics:
    queries performed:
        read:                            0
        write:                           137611
        other:                           0
        total:                           137611
    transactions:                        137611 (6872.39 per sec.)
    queries:                             137611 (6872.39 per sec.)
    ignored errors:                      0      (0.00 per sec.)
    reconnects:                          0      (0.00 per sec.)

General statistics:
    total time:                          20.0219s
    total number of events:              137611

Latency (ms):
         min:                                    2.10
         avg:                                    4.65
         max:                                  257.37
         95th percentile:                        6.79
         sum:                               639889.50

Threads fairness:
    events (avg/stddev):           4300.3438/2.52
    execution time (avg/stddev):   19.9965/0.01


==================================================
  pg_transport (127.0.0.1:5454)
==================================================
sysbench 1.0.20 (using system LuaJIT 2.1.0-beta3)

Running the test with following options:
Number of threads: 32
Initializing random number generator from current time


Initializing worker threads...

Threads started!

SQL statistics:
    queries performed:
        read:                            0
        write:                           122252
        other:                           0
        total:                           122252
    transactions:                        122252 (6110.97 per sec.)
    queries:                             122252 (6110.97 per sec.)
    ignored errors:                      0      (0.00 per sec.)
    reconnects:                          0      (0.00 per sec.)

General statistics:
    total time:                          20.0039s
    total number of events:              122252

Latency (ms):
         min:                                    1.80
         avg:                                    5.23
         max:                                  443.96
         95th percentile:                        8.13
         sum:                               639915.73

Threads fairness:
    events (avg/stddev):           3820.3750/2.01
    execution time (avg/stddev):   19.9974/0.00
