bench sweep — pg_transport vs vanilla PG (SELECT 1, extended-query)
  repo:        /home/azureuser/pg_transport
  outdir:      /home/azureuser/pg_transport/docs/bench/bench
  pg:          pg18
  connections: 1 4 8 16
  backends:    spi direct
  iters:       <autoscaled per cell>
  pool:        <default>
  runs/cell:   3
  started:     2026-05-24T18:38:02+00:00

[2026-05-24T18:38:02+00:00] START [1/24] connections=1 be=spi iters=2000 run=1
[2026-05-24T18:38:06+00:00] DONE  [1/24] connections=1 be=spi iters=2000 run=1  vanilla_p50=147.1 pgt_p50=138.5 vanilla_qps=6695.7 pgt_qps=6798.3 qps_ratio=1.02 4s ok
[2026-05-24T18:38:06+00:00] START [2/24] connections=1 be=spi iters=2000 run=2
[2026-05-24T18:38:11+00:00] DONE  [2/24] connections=1 be=spi iters=2000 run=2  vanilla_p50=149.2 pgt_p50=178.5 vanilla_qps=6590.5 pgt_qps=5467.2 qps_ratio=0.83 5s ok
[2026-05-24T18:38:11+00:00] START [3/24] connections=1 be=spi iters=2000 run=3
[2026-05-24T18:38:15+00:00] DONE  [3/24] connections=1 be=spi iters=2000 run=3  vanilla_p50=148.3 pgt_p50=139.4 vanilla_qps=6424.8 pgt_qps=7085.3 qps_ratio=1.10 4s ok
[2026-05-24T18:38:15+00:00] START [4/24] connections=1 be=direct iters=2000 run=1
[2026-05-24T18:38:20+00:00] DONE  [4/24] connections=1 be=direct iters=2000 run=1  vanilla_p50=150.2 pgt_p50=137.4 vanilla_qps=6563.2 pgt_qps=7054.2 qps_ratio=1.07 5s ok
[2026-05-24T18:38:20+00:00] START [5/24] connections=1 be=direct iters=2000 run=2
[2026-05-24T18:38:24+00:00] DONE  [5/24] connections=1 be=direct iters=2000 run=2  vanilla_p50=148.1 pgt_p50=139.7 vanilla_qps=6600.2 pgt_qps=7043.3 qps_ratio=1.07 4s ok
[2026-05-24T18:38:24+00:00] START [6/24] connections=1 be=direct iters=2000 run=3
[2026-05-24T18:38:28+00:00] DONE  [6/24] connections=1 be=direct iters=2000 run=3  vanilla_p50=154.4 pgt_p50=136.1 vanilla_qps=5820.3 pgt_qps=7103.2 qps_ratio=1.22 4s ok
[2026-05-24T18:38:28+00:00] START [7/24] connections=4 be=spi iters=4000 run=1
[2026-05-24T18:38:33+00:00] DONE  [7/24] connections=4 be=spi iters=4000 run=1  vanilla_p50=227.6 pgt_p50=205.9 vanilla_qps=16968.4 pgt_qps=19080.0 qps_ratio=1.12 5s ok
[2026-05-24T18:38:33+00:00] START [8/24] connections=4 be=spi iters=4000 run=2
[2026-05-24T18:38:37+00:00] DONE  [8/24] connections=4 be=spi iters=4000 run=2  vanilla_p50=234.1 pgt_p50=208.5 vanilla_qps=15527.9 pgt_qps=18760.3 qps_ratio=1.21 4s ok
[2026-05-24T18:38:37+00:00] START [9/24] connections=4 be=spi iters=4000 run=3
[2026-05-24T18:38:41+00:00] DONE  [9/24] connections=4 be=spi iters=4000 run=3  vanilla_p50=227.1 pgt_p50=201.9 vanilla_qps=16798.0 pgt_qps=19594.6 qps_ratio=1.17 4s ok
[2026-05-24T18:38:41+00:00] START [10/24] connections=4 be=direct iters=4000 run=1
[2026-05-24T18:38:46+00:00] DONE  [10/24] connections=4 be=direct iters=4000 run=1  vanilla_p50=234.9 pgt_p50=194.7 vanilla_qps=16198.6 pgt_qps=20423.8 qps_ratio=1.26 5s ok
[2026-05-24T18:38:46+00:00] START [11/24] connections=4 be=direct iters=4000 run=2
[2026-05-24T18:38:50+00:00] DONE  [11/24] connections=4 be=direct iters=4000 run=2  vanilla_p50=220.8 pgt_p50=192.7 vanilla_qps=16824.6 pgt_qps=20486.4 qps_ratio=1.22 4s ok
[2026-05-24T18:38:50+00:00] START [12/24] connections=4 be=direct iters=4000 run=3
[2026-05-24T18:38:54+00:00] DONE  [12/24] connections=4 be=direct iters=4000 run=3  vanilla_p50=228.3 pgt_p50=190.2 vanilla_qps=17581.4 pgt_qps=20835.4 qps_ratio=1.19 4s ok
[2026-05-24T18:38:54+00:00] START [13/24] connections=8 be=spi iters=8000 run=1
[2026-05-24T18:38:59+00:00] DONE  [13/24] connections=8 be=spi iters=8000 run=1  vanilla_p50=332.2 pgt_p50=281.2 vanilla_qps=22493.2 pgt_qps=27205.7 qps_ratio=1.21 5s ok
[2026-05-24T18:38:59+00:00] START [14/24] connections=8 be=spi iters=8000 run=2
[2026-05-24T18:39:03+00:00] DONE  [14/24] connections=8 be=spi iters=8000 run=2  vanilla_p50=356.3 pgt_p50=289.2 vanilla_qps=20442.7 pgt_qps=26618.3 qps_ratio=1.30 4s ok
[2026-05-24T18:39:03+00:00] START [15/24] connections=8 be=spi iters=8000 run=3
[2026-05-24T18:39:08+00:00] DONE  [15/24] connections=8 be=spi iters=8000 run=3  vanilla_p50=336.0 pgt_p50=281.6 vanilla_qps=22884.0 pgt_qps=27140.5 qps_ratio=1.19 5s ok
[2026-05-24T18:39:08+00:00] START [16/24] connections=8 be=direct iters=8000 run=1
[2026-05-24T18:39:12+00:00] DONE  [16/24] connections=8 be=direct iters=8000 run=1  vanilla_p50=336.6 pgt_p50=270.2 vanilla_qps=22685.9 pgt_qps=28357.5 qps_ratio=1.25 4s ok
[2026-05-24T18:39:12+00:00] START [17/24] connections=8 be=direct iters=8000 run=2
[2026-05-24T18:39:16+00:00] DONE  [17/24] connections=8 be=direct iters=8000 run=2  vanilla_p50=357.6 pgt_p50=275.3 vanilla_qps=20321.7 pgt_qps=25850.5 qps_ratio=1.27 4s ok
[2026-05-24T18:39:16+00:00] START [18/24] connections=8 be=direct iters=8000 run=3
[2026-05-24T18:39:21+00:00] DONE  [18/24] connections=8 be=direct iters=8000 run=3  vanilla_p50=335.6 pgt_p50=273.1 vanilla_qps=22801.5 pgt_qps=28000.4 qps_ratio=1.23 5s ok
[2026-05-24T18:39:21+00:00] START [19/24] connections=16 be=spi iters=16000 run=1
[2026-05-24T18:39:26+00:00] DONE  [19/24] connections=16 be=spi iters=16000 run=1  vanilla_p50=484.3 pgt_p50=428.4 vanilla_qps=29978.3 pgt_qps=34564.1 qps_ratio=1.15 5s ok
[2026-05-24T18:39:26+00:00] START [20/24] connections=16 be=spi iters=16000 run=2
[2026-05-24T18:39:31+00:00] DONE  [20/24] connections=16 be=spi iters=16000 run=2  vanilla_p50=492.0 pgt_p50=423.6 vanilla_qps=29124.4 pgt_qps=34621.5 qps_ratio=1.19 5s ok
[2026-05-24T18:39:31+00:00] START [21/24] connections=16 be=spi iters=16000 run=3
[2026-05-24T18:39:35+00:00] DONE  [21/24] connections=16 be=spi iters=16000 run=3  vanilla_p50=466.0 pgt_p50=406.3 vanilla_qps=29532.4 pgt_qps=36213.7 qps_ratio=1.23 4s ok
[2026-05-24T18:39:35+00:00] START [22/24] connections=16 be=direct iters=16000 run=1
[2026-05-24T18:39:40+00:00] DONE  [22/24] connections=16 be=direct iters=16000 run=1  vanilla_p50=462.7 pgt_p50=421.5 vanilla_qps=29262.8 pgt_qps=34859.2 qps_ratio=1.19 5s ok
[2026-05-24T18:39:40+00:00] START [23/24] connections=16 be=direct iters=16000 run=2
[2026-05-24T18:39:45+00:00] DONE  [23/24] connections=16 be=direct iters=16000 run=2  vanilla_p50=488.9 pgt_p50=399.8 vanilla_qps=28863.2 pgt_qps=36738.4 qps_ratio=1.27 5s ok
[2026-05-24T18:39:45+00:00] START [24/24] connections=16 be=direct iters=16000 run=3
[2026-05-24T18:39:50+00:00] DONE  [24/24] connections=16 be=direct iters=16000 run=3  vanilla_p50=507.9 pgt_p50=414.7 vanilla_qps=26846.1 pgt_qps=35419.2 qps_ratio=1.32 5s ok

[2026-05-24T18:39:50+00:00] SWEEP COMPLETE in 108s

results.tsv:
connections  backend  run  iters  vanilla_p50_us  pgt_p50_us  vanilla_p95_us  pgt_p95_us  vanilla_mean_us  pgt_mean_us  vanilla_qps  pgt_qps
1            spi      1    2000   147.1           138.5       159.8           161.0       149.2            147.0        6695.7       6798.3
1            spi      2    2000   149.2           178.5       164.2           226.5       151.6            182.8        6590.5       5467.2
1            spi      3    2000   148.3           139.4       162.3           153.9       155.5            141.0        6424.8       7085.3
1            direct   1    2000   150.2           137.4       164.3           162.8       152.3            141.7        6563.2       7054.2
1            direct   2    2000   148.1           139.7       161.7           161.4       151.4            141.9        6600.2       7043.3
1            direct   3    2000   154.4           136.1       236.0           170.8       171.6            140.7        5820.3       7103.2
4            spi      1    4000   227.6           205.9       283.7           262.2       225.8            208.7        16968.4      19080.0
4            spi      2    4000   234.1           208.5       288.0           269.4       231.7            211.6        15527.9      18760.3
4            spi      3    4000   227.1           201.9       294.7           233.4       227.6            201.3        16798.0      19594.6
4            direct   1    4000   234.9           194.7       301.7           230.7       234.3            195.0        16198.6      20423.8
4            direct   2    4000   220.8           192.7       291.6           230.0       224.4            192.9        16824.6      20486.4
4            direct   3    4000   228.3           190.2       270.3           227.6       223.6            190.5        17581.4      20835.4
8            spi      1    8000   332.2           281.2       508.6           416.8       348.1            291.7        22493.2      27205.7
8            spi      2    8000   356.3           289.2       575.0           426.9       378.7            297.3        20442.7      26618.3
8            spi      3    8000   336.0           281.6       484.9           415.3       346.0            291.1        22884.0      27140.5
8            direct   1    8000   336.6           270.2       501.3           397.5       349.9            278.9        22685.9      28357.5
8            direct   2    8000   357.6           275.3       578.7           460.2       387.0            304.2        20321.7      25850.5
8            direct   3    8000   335.6           273.1       490.1           404.2       346.5            283.6        22801.5      28000.4
16           spi      1    16000  484.3           428.4       777.0           719.5       516.5            452.9        29978.3      34564.1
16           spi      2    16000  492.0           423.6       810.5           697.8       528.7            451.0        29124.4      34621.5
16           spi      3    16000  466.0           406.3       797.2           649.4       512.9            426.5        29532.4      36213.7
16           direct   1    16000  462.7           421.5       805.6           717.4       518.6            450.7        29262.8      34859.2
16           direct   2    16000  488.9           399.8       825.8           681.6       528.5            423.7        28863.2      36738.4
16           direct   3    16000  507.9           414.7       878.9           720.5       545.7            443.5        26846.1      35419.2

Outputs:
  /home/azureuser/pg_transport/docs/bench/bench/results.tsv
  /home/azureuser/pg_transport/docs/bench/bench/results.md
  /home/azureuser/pg_transport/docs/bench/bench/run.log
  /home/azureuser/pg_transport/docs/bench/bench/progress.log
