=========================================================
=== [1/12] oltp_point_select be=spi threads=16 ===
=========================================================
[32m[1m       Using[0m[39m [37m[1mPgConfig("pg18")[0m[39m and `pg_config` from [36m/home/azureuser/.pgrx/18.4/pgrx-install/bin/pg_config[39m
    Finished `release` profile [optimized] target(s) in 0.12s
[32m[1m  Discovered[0m[39m [36m[1m1[0m[39m SQL entities: [36m[1m0[0m[39m schemas ([36m[1m0[0m[39m unique), [36m[1m1[0m[39m functions, [36m[1m0[0m[39m types, [36m[1m0[0m[39m enums, [36m[1m0[0m[39m sqls, [36m[1m0[0m[39m ords, [36m[1m0[0m[39m hashes, [36m[1m0[0m[39m aggregates, [36m[1m0[0m[39m triggers
[32m[1m     Writing[0m[39m SQL entities to /home/azureuser/.pgrx/18.4/pgrx-install/share/postgresql/extension/pg_transport--0.0.1.sql
sysbench: preparing 16 tables × 100000 rows in 'postgres' DB ...
Creating table 'sbtest16'...
Inserting 100000 records into 'sbtest16'
Creating a secondary index on 'sbtest16'...

sysbench: workload=oltp_point_select threads=16 duration=20s tables=16 table_size=100000 backend=spi skip_trx=off pool_ceiling=

==================================================
  vanilla PG (127.0.0.1:54329)
==================================================
sysbench 1.0.20 (using system LuaJIT 2.1.0-beta3)

Running the test with following options:
Number of threads: 16
Initializing random number generator from current time


Initializing worker threads...

Threads started!

SQL statistics:
    queries performed:
        read:                            725473
        write:                           0
        other:                           0
        total:                           725473
    transactions:                        725473 (36249.15 per sec.)
    queries:                             725473 (36249.15 per sec.)
    ignored errors:                      0      (0.00 per sec.)
    reconnects:                          0      (0.00 per sec.)

General statistics:
    total time:                          20.0118s
    total number of events:              725473

Latency (ms):
         min:                                    0.16
         avg:                                    0.44
         max:                                    6.66
         95th percentile:                        0.67
         sum:                               319601.26

Threads fairness:
    events (avg/stddev):           45342.0625/1912.46
    execution time (avg/stddev):   19.9751/0.00


==================================================
  pg_transport (127.0.0.1:5454)
==================================================
sysbench 1.0.20 (using system LuaJIT 2.1.0-beta3)

Running the test with following options:
Number of threads: 16
Initializing random number generator from current time


Initializing worker threads...

Threads started!

SQL statistics:
    queries performed:
        read:                            914065
        write:                           0
        other:                           0
        total:                           914065
    transactions:                        914065 (45695.28 per sec.)
    queries:                             914065 (45695.28 per sec.)
    ignored errors:                      0      (0.00 per sec.)
    reconnects:                          0      (0.00 per sec.)

General statistics:
    total time:                          20.0018s
    total number of events:              914065

Latency (ms):
         min:                                    0.09
         avg:                                    0.35
         max:                                    6.42
         95th percentile:                        0.56
         sum:                               319619.95

Threads fairness:
    events (avg/stddev):           57129.0625/4135.63
    execution time (avg/stddev):   19.9762/0.00
=========================================================
=== [2/12] oltp_point_select be=spi threads=32 ===
=========================================================
[32m[1m       Using[0m[39m [37m[1mPgConfig("pg18")[0m[39m and `pg_config` from [36m/home/azureuser/.pgrx/18.4/pgrx-install/bin/pg_config[39m
    Finished `release` profile [optimized] target(s) in 0.12s
[32m[1m  Discovered[0m[39m [36m[1m1[0m[39m SQL entities: [36m[1m0[0m[39m schemas ([36m[1m0[0m[39m unique), [36m[1m1[0m[39m functions, [36m[1m0[0m[39m types, [36m[1m0[0m[39m enums, [36m[1m0[0m[39m sqls, [36m[1m0[0m[39m ords, [36m[1m0[0m[39m hashes, [36m[1m0[0m[39m aggregates, [36m[1m0[0m[39m triggers
[32m[1m     Writing[0m[39m SQL entities to /home/azureuser/.pgrx/18.4/pgrx-install/share/postgresql/extension/pg_transport--0.0.1.sql
sysbench: preparing 16 tables × 100000 rows in 'postgres' DB ...
Creating table 'sbtest16'...
Inserting 100000 records into 'sbtest16'
Creating a secondary index on 'sbtest16'...

sysbench: workload=oltp_point_select threads=32 duration=20s tables=16 table_size=100000 backend=spi skip_trx=off pool_ceiling=

==================================================
  vanilla PG (127.0.0.1:54329)
==================================================
sysbench 1.0.20 (using system LuaJIT 2.1.0-beta3)

Running the test with following options:
Number of threads: 32
Initializing random number generator from current time


Initializing worker threads...

Threads started!

SQL statistics:
    queries performed:
        read:                            659571
        write:                           0
        other:                           0
        total:                           659571
    transactions:                        659571 (32936.22 per sec.)
    queries:                             659571 (32936.22 per sec.)
    ignored errors:                      0      (0.00 per sec.)
    reconnects:                          0      (0.00 per sec.)

General statistics:
    total time:                          20.0206s
    total number of events:              659571

Latency (ms):
         min:                                    0.10
         avg:                                    0.97
         max:                                   15.12
         95th percentile:                        1.70
         sum:                               639176.80

Threads fairness:
    events (avg/stddev):           20611.5938/1218.44
    execution time (avg/stddev):   19.9743/0.01


==================================================
  pg_transport (127.0.0.1:5454)
==================================================
sysbench 1.0.20 (using system LuaJIT 2.1.0-beta3)

Running the test with following options:
Number of threads: 32
Initializing random number generator from current time


Initializing worker threads...

Threads started!

SQL statistics:
    queries performed:
        read:                            873524
        write:                           0
        other:                           0
        total:                           873524
    transactions:                        873524 (43661.09 per sec.)
    queries:                             873524 (43661.09 per sec.)
    ignored errors:                      0      (0.00 per sec.)
    reconnects:                          0      (0.00 per sec.)

General statistics:
    total time:                          20.0053s
    total number of events:              873524

Latency (ms):
         min:                                    0.09
         avg:                                    0.73
         max:                                   32.58
         95th percentile:                        1.32
         sum:                               639376.35

Threads fairness:
    events (avg/stddev):           27297.6250/1507.27
    execution time (avg/stddev):   19.9805/0.01
=========================================================
=== [3/12] oltp_point_select be=direct threads=16 ===
=========================================================
[32m[1m       Using[0m[39m [37m[1mPgConfig("pg18")[0m[39m and `pg_config` from [36m/home/azureuser/.pgrx/18.4/pgrx-install/bin/pg_config[39m
    Finished `release` profile [optimized] target(s) in 0.12s
[32m[1m  Discovered[0m[39m [36m[1m1[0m[39m SQL entities: [36m[1m0[0m[39m schemas ([36m[1m0[0m[39m unique), [36m[1m1[0m[39m functions, [36m[1m0[0m[39m types, [36m[1m0[0m[39m enums, [36m[1m0[0m[39m sqls, [36m[1m0[0m[39m ords, [36m[1m0[0m[39m hashes, [36m[1m0[0m[39m aggregates, [36m[1m0[0m[39m triggers
[32m[1m     Writing[0m[39m SQL entities to /home/azureuser/.pgrx/18.4/pgrx-install/share/postgresql/extension/pg_transport--0.0.1.sql
sysbench: preparing 16 tables × 100000 rows in 'postgres' DB ...
Creating table 'sbtest16'...
Inserting 100000 records into 'sbtest16'
Creating a secondary index on 'sbtest16'...

sysbench: workload=oltp_point_select threads=16 duration=20s tables=16 table_size=100000 backend=direct skip_trx=off pool_ceiling=

==================================================
  vanilla PG (127.0.0.1:54329)
==================================================
sysbench 1.0.20 (using system LuaJIT 2.1.0-beta3)

Running the test with following options:
Number of threads: 16
Initializing random number generator from current time


Initializing worker threads...

Threads started!

SQL statistics:
    queries performed:
        read:                            729098
        write:                           0
        other:                           0
        total:                           729098
    transactions:                        729098 (36429.37 per sec.)
    queries:                             729098 (36429.37 per sec.)
    ignored errors:                      0      (0.00 per sec.)
    reconnects:                          0      (0.00 per sec.)

General statistics:
    total time:                          20.0122s
    total number of events:              729098

Latency (ms):
         min:                                    0.18
         avg:                                    0.44
         max:                                   13.91
         95th percentile:                        0.65
         sum:                               319595.36

Threads fairness:
    events (avg/stddev):           45568.6250/897.43
    execution time (avg/stddev):   19.9747/0.00


==================================================
  pg_transport (127.0.0.1:5454)
==================================================
sysbench 1.0.20 (using system LuaJIT 2.1.0-beta3)

Running the test with following options:
Number of threads: 16
Initializing random number generator from current time


Initializing worker threads...

Threads started!

SQL statistics:
    queries performed:
        read:                            917009
        write:                           0
        other:                           0
        total:                           917009
    transactions:                        917009 (45841.43 per sec.)
    queries:                             917009 (45841.43 per sec.)
    ignored errors:                      0      (0.00 per sec.)
    reconnects:                          0      (0.00 per sec.)

General statistics:
    total time:                          20.0023s
    total number of events:              917009

Latency (ms):
         min:                                    0.08
         avg:                                    0.35
         max:                                  374.55
         95th percentile:                        0.53
         sum:                               319643.71

Threads fairness:
    events (avg/stddev):           57313.0625/2265.30
    execution time (avg/stddev):   19.9777/0.00
=========================================================
=== [4/12] oltp_point_select be=direct threads=32 ===
=========================================================
[32m[1m       Using[0m[39m [37m[1mPgConfig("pg18")[0m[39m and `pg_config` from [36m/home/azureuser/.pgrx/18.4/pgrx-install/bin/pg_config[39m
    Finished `release` profile [optimized] target(s) in 0.12s
[32m[1m  Discovered[0m[39m [36m[1m1[0m[39m SQL entities: [36m[1m0[0m[39m schemas ([36m[1m0[0m[39m unique), [36m[1m1[0m[39m functions, [36m[1m0[0m[39m types, [36m[1m0[0m[39m enums, [36m[1m0[0m[39m sqls, [36m[1m0[0m[39m ords, [36m[1m0[0m[39m hashes, [36m[1m0[0m[39m aggregates, [36m[1m0[0m[39m triggers
[32m[1m     Writing[0m[39m SQL entities to /home/azureuser/.pgrx/18.4/pgrx-install/share/postgresql/extension/pg_transport--0.0.1.sql
sysbench: preparing 16 tables × 100000 rows in 'postgres' DB ...
Creating table 'sbtest16'...
Inserting 100000 records into 'sbtest16'
Creating a secondary index on 'sbtest16'...

sysbench: workload=oltp_point_select threads=32 duration=20s tables=16 table_size=100000 backend=direct skip_trx=off pool_ceiling=

==================================================
  vanilla PG (127.0.0.1:54329)
==================================================
sysbench 1.0.20 (using system LuaJIT 2.1.0-beta3)

Running the test with following options:
Number of threads: 32
Initializing random number generator from current time


Initializing worker threads...

Threads started!

SQL statistics:
    queries performed:
        read:                            666924
        write:                           0
        other:                           0
        total:                           666924
    transactions:                        666924 (33300.80 per sec.)
    queries:                             666924 (33300.80 per sec.)
    ignored errors:                      0      (0.00 per sec.)
    reconnects:                          0      (0.00 per sec.)

General statistics:
    total time:                          20.0256s
    total number of events:              666924

Latency (ms):
         min:                                    0.17
         avg:                                    0.96
         max:                                   12.45
         95th percentile:                        1.58
         sum:                               639322.65

Threads fairness:
    events (avg/stddev):           20841.3750/789.70
    execution time (avg/stddev):   19.9788/0.01


==================================================
  pg_transport (127.0.0.1:5454)
==================================================
sysbench 1.0.20 (using system LuaJIT 2.1.0-beta3)

Running the test with following options:
Number of threads: 32
Initializing random number generator from current time


Initializing worker threads...

Threads started!

SQL statistics:
    queries performed:
        read:                            893133
        write:                           0
        other:                           0
        total:                           893133
    transactions:                        893133 (44644.27 per sec.)
    queries:                             893133 (44644.27 per sec.)
    ignored errors:                      0      (0.00 per sec.)
    reconnects:                          0      (0.00 per sec.)

General statistics:
    total time:                          20.0039s
    total number of events:              893133

Latency (ms):
         min:                                    0.08
         avg:                                    0.72
         max:                                   24.82
         95th percentile:                        1.27
         sum:                               639245.50

Threads fairness:
    events (avg/stddev):           27910.4062/1414.39
    execution time (avg/stddev):   19.9764/0.01
=========================================================
=== [5/12] oltp_read_only be=spi threads=16 ===
=========================================================
[32m[1m       Using[0m[39m [37m[1mPgConfig("pg18")[0m[39m and `pg_config` from [36m/home/azureuser/.pgrx/18.4/pgrx-install/bin/pg_config[39m
    Finished `release` profile [optimized] target(s) in 0.12s
[32m[1m  Discovered[0m[39m [36m[1m1[0m[39m SQL entities: [36m[1m0[0m[39m schemas ([36m[1m0[0m[39m unique), [36m[1m1[0m[39m functions, [36m[1m0[0m[39m types, [36m[1m0[0m[39m enums, [36m[1m0[0m[39m sqls, [36m[1m0[0m[39m ords, [36m[1m0[0m[39m hashes, [36m[1m0[0m[39m aggregates, [36m[1m0[0m[39m triggers
[32m[1m     Writing[0m[39m SQL entities to /home/azureuser/.pgrx/18.4/pgrx-install/share/postgresql/extension/pg_transport--0.0.1.sql
sysbench: preparing 16 tables × 100000 rows in 'postgres' DB ...
Creating table 'sbtest16'...
Inserting 100000 records into 'sbtest16'
Creating a secondary index on 'sbtest16'...

sysbench: workload=oltp_read_only threads=16 duration=20s tables=16 table_size=100000 backend=spi skip_trx=off pool_ceiling=

==================================================
  vanilla PG (127.0.0.1:54329)
==================================================
sysbench 1.0.20 (using system LuaJIT 2.1.0-beta3)

Running the test with following options:
Number of threads: 16
Initializing random number generator from current time


Initializing worker threads...

Threads started!

SQL statistics:
    queries performed:
        read:                            311878
        write:                           0
        other:                           44554
        total:                           356432
    transactions:                        22277  (1112.35 per sec.)
    queries:                             356432 (17797.65 per sec.)
    ignored errors:                      0      (0.00 per sec.)
    reconnects:                          0      (0.00 per sec.)

General statistics:
    total time:                          20.0254s
    total number of events:              22277

Latency (ms):
         min:                                    5.73
         avg:                                   14.37
         max:                                   40.69
         95th percentile:                       20.00
         sum:                               320103.51

Threads fairness:
    events (avg/stddev):           1392.3125/35.80
    execution time (avg/stddev):   20.0065/0.01


==================================================
  pg_transport (127.0.0.1:5454)
==================================================
sysbench 1.0.20 (using system LuaJIT 2.1.0-beta3)

Running the test with following options:
Number of threads: 16
Initializing random number generator from current time


Initializing worker threads...

Threads started!

SQL statistics:
    queries performed:
        read:                            504392
        write:                           0
        other:                           72056
        total:                           576448
    transactions:                        36028  (1800.58 per sec.)
    queries:                             576448 (28809.28 per sec.)
    ignored errors:                      0      (0.00 per sec.)
    reconnects:                          0      (0.00 per sec.)

General statistics:
    total time:                          20.0076s
    total number of events:              36028

Latency (ms):
         min:                                    3.81
         avg:                                    8.88
         max:                                   34.85
         95th percentile:                       12.98
         sum:                               319955.70

Threads fairness:
    events (avg/stddev):           2251.7500/93.34
    execution time (avg/stddev):   19.9972/0.00
=========================================================
=== [6/12] oltp_read_only be=spi threads=32 ===
=========================================================
[32m[1m       Using[0m[39m [37m[1mPgConfig("pg18")[0m[39m and `pg_config` from [36m/home/azureuser/.pgrx/18.4/pgrx-install/bin/pg_config[39m
    Finished `release` profile [optimized] target(s) in 0.12s
[32m[1m  Discovered[0m[39m [36m[1m1[0m[39m SQL entities: [36m[1m0[0m[39m schemas ([36m[1m0[0m[39m unique), [36m[1m1[0m[39m functions, [36m[1m0[0m[39m types, [36m[1m0[0m[39m enums, [36m[1m0[0m[39m sqls, [36m[1m0[0m[39m ords, [36m[1m0[0m[39m hashes, [36m[1m0[0m[39m aggregates, [36m[1m0[0m[39m triggers
[32m[1m     Writing[0m[39m SQL entities to /home/azureuser/.pgrx/18.4/pgrx-install/share/postgresql/extension/pg_transport--0.0.1.sql
sysbench: preparing 16 tables × 100000 rows in 'postgres' DB ...
Creating table 'sbtest16'...
Inserting 100000 records into 'sbtest16'
Creating a secondary index on 'sbtest16'...

sysbench: workload=oltp_read_only threads=32 duration=20s tables=16 table_size=100000 backend=spi skip_trx=off pool_ceiling=

==================================================
  vanilla PG (127.0.0.1:54329)
==================================================
sysbench 1.0.20 (using system LuaJIT 2.1.0-beta3)

Running the test with following options:
Number of threads: 32
Initializing random number generator from current time


Initializing worker threads...

Threads started!

SQL statistics:
    queries performed:
        read:                            174188
        write:                           0
        other:                           24884
        total:                           199072
    transactions:                        12442  (620.49 per sec.)
    queries:                             199072 (9927.90 per sec.)
    ignored errors:                      0      (0.00 per sec.)
    reconnects:                          0      (0.00 per sec.)

General statistics:
    total time:                          20.0499s
    total number of events:              12442

Latency (ms):
         min:                                   11.75
         avg:                                   51.49
         max:                                   84.83
         95th percentile:                       62.19
         sum:                               640617.08

Threads fairness:
    events (avg/stddev):           388.8125/8.31
    execution time (avg/stddev):   20.0193/0.02


==================================================
  pg_transport (127.0.0.1:5454)
==================================================
sysbench 1.0.20 (using system LuaJIT 2.1.0-beta3)

Running the test with following options:
Number of threads: 32
Initializing random number generator from current time


Initializing worker threads...

FATAL: Connection to database failed: connection to server at "127.0.0.1", port 5454 failed: server closed the connection unexpectedly
	This probably means the server terminated abnormally
	before or while processing the request.

FATAL: `thread_init' function failed: /usr/share/sysbench/oltp_common.lua:349: connection creation failed
FATAL: Thread initialization failed!
sysbench: FAILED — server log tail follows ----
2026-05-28 04:20:55.856 UTC [170551] LOG:  pg_transport slot: clean exit
2026-05-28 04:20:55.856 UTC [170550] LOG:  pg_transport slot: clean exit
2026-05-28 04:20:55.857 UTC [170544] LOG:  pg_transport slot: FE closed UDS, exiting
2026-05-28 04:20:55.857 UTC [170544] LOG:  pg_transport slot: clean exit
2026-05-28 04:20:55.857 UTC [170543] LOG:  pg_transport slot: FE closed UDS, exiting
2026-05-28 04:20:55.857 UTC [170543] LOG:  pg_transport slot: clean exit
2026-05-28 04:20:55.858 UTC [170565] LOG:  pg_transport slot: FE closed UDS, exiting
2026-05-28 04:20:55.858 UTC [170561] LOG:  pg_transport slot: FE closed UDS, exiting
2026-05-28 04:20:55.858 UTC [170565] LOG:  pg_transport slot: clean exit
2026-05-28 04:20:55.858 UTC [170561] LOG:  pg_transport slot: clean exit
2026-05-28 04:20:55.858 UTC [170542] LOG:  pg_transport slot: FE closed UDS, exiting
2026-05-28 04:20:55.858 UTC [170547] LOG:  pg_transport slot: FE closed UDS, exiting
2026-05-28 04:20:55.858 UTC [170542] LOG:  pg_transport slot: clean exit
2026-05-28 04:20:55.858 UTC [170547] LOG:  pg_transport slot: clean exit
2026-05-28 04:20:55.859 UTC [170539] LOG:  pg_transport slot: FE closed UDS, exiting
2026-05-28 04:20:55.859 UTC [170539] LOG:  pg_transport slot: clean exit
2026-05-28 04:20:55.861 UTC [170241] LOG:  shutting down
2026-05-28 04:20:55.866 UTC [170241] LOG:  checkpoint starting: shutdown immediate
2026-05-28 04:20:57.272 UTC [170241] LOG:  checkpoint complete: wrote 7859 buffers (48.0%), wrote 3 SLRU buffers; 0 WAL file(s) added, 0 removed, 31 recycled; write=0.590 s, sync=0.704 s, total=1.411 s; sync files=137, longest=0.202 s, average=0.006 s; distance=513660 kB, estimate=513660 kB; lsn=0/20CFC0E8, redo lsn=0/20CFC0E8
2026-05-28 04:20:57.301 UTC [170237] LOG:  database system is shut down
sysbench: ---- end server log
error: Recipe `sysbench` failed with exit code 1
=========================================================
=== [7/12] oltp_read_only be=direct threads=16 ===
=========================================================
[32m[1m       Using[0m[39m [37m[1mPgConfig("pg18")[0m[39m and `pg_config` from [36m/home/azureuser/.pgrx/18.4/pgrx-install/bin/pg_config[39m
    Finished `release` profile [optimized] target(s) in 0.13s
[32m[1m  Discovered[0m[39m [36m[1m1[0m[39m SQL entities: [36m[1m0[0m[39m schemas ([36m[1m0[0m[39m unique), [36m[1m1[0m[39m functions, [36m[1m0[0m[39m types, [36m[1m0[0m[39m enums, [36m[1m0[0m[39m sqls, [36m[1m0[0m[39m ords, [36m[1m0[0m[39m hashes, [36m[1m0[0m[39m aggregates, [36m[1m0[0m[39m triggers
[32m[1m     Writing[0m[39m SQL entities to /home/azureuser/.pgrx/18.4/pgrx-install/share/postgresql/extension/pg_transport--0.0.1.sql
sysbench: preparing 16 tables × 100000 rows in 'postgres' DB ...
Creating table 'sbtest16'...
Inserting 100000 records into 'sbtest16'
Creating a secondary index on 'sbtest16'...

sysbench: workload=oltp_read_only threads=16 duration=20s tables=16 table_size=100000 backend=direct skip_trx=off pool_ceiling=

==================================================
  vanilla PG (127.0.0.1:54329)
==================================================
sysbench 1.0.20 (using system LuaJIT 2.1.0-beta3)

Running the test with following options:
Number of threads: 16
Initializing random number generator from current time


Initializing worker threads...

Threads started!

SQL statistics:
    queries performed:
        read:                            301686
        write:                           0
        other:                           43098
        total:                           344784
    transactions:                        21549  (1076.26 per sec.)
    queries:                             344784 (17220.13 per sec.)
    ignored errors:                      0      (0.00 per sec.)
    reconnects:                          0      (0.00 per sec.)

General statistics:
    total time:                          20.0206s
    total number of events:              21549

Latency (ms):
         min:                                    5.97
         avg:                                   14.85
         max:                                   43.43
         95th percentile:                       18.61
         sum:                               320053.47

Threads fairness:
    events (avg/stddev):           1346.8125/28.36
    execution time (avg/stddev):   20.0033/0.00


==================================================
  pg_transport (127.0.0.1:5454)
==================================================
sysbench 1.0.20 (using system LuaJIT 2.1.0-beta3)

Running the test with following options:
Number of threads: 16
Initializing random number generator from current time


Initializing worker threads...

Threads started!

SQL statistics:
    queries performed:
        read:                            498708
        write:                           0
        other:                           71244
        total:                           569952
    transactions:                        35622  (1780.09 per sec.)
    queries:                             569952 (28481.51 per sec.)
    ignored errors:                      0      (0.00 per sec.)
    reconnects:                          0      (0.00 per sec.)

General statistics:
    total time:                          20.0098s
    total number of events:              35622

Latency (ms):
         min:                                    3.75
         avg:                                    8.98
         max:                                   32.04
         95th percentile:                       13.22
         sum:                               319989.86

Threads fairness:
    events (avg/stddev):           2226.3750/74.00
    execution time (avg/stddev):   19.9994/0.00
=========================================================
=== [8/12] oltp_read_only be=direct threads=32 ===
=========================================================
[32m[1m       Using[0m[39m [37m[1mPgConfig("pg18")[0m[39m and `pg_config` from [36m/home/azureuser/.pgrx/18.4/pgrx-install/bin/pg_config[39m
    Finished `release` profile [optimized] target(s) in 0.12s
[32m[1m  Discovered[0m[39m [36m[1m1[0m[39m SQL entities: [36m[1m0[0m[39m schemas ([36m[1m0[0m[39m unique), [36m[1m1[0m[39m functions, [36m[1m0[0m[39m types, [36m[1m0[0m[39m enums, [36m[1m0[0m[39m sqls, [36m[1m0[0m[39m ords, [36m[1m0[0m[39m hashes, [36m[1m0[0m[39m aggregates, [36m[1m0[0m[39m triggers
[32m[1m     Writing[0m[39m SQL entities to /home/azureuser/.pgrx/18.4/pgrx-install/share/postgresql/extension/pg_transport--0.0.1.sql
sysbench: preparing 16 tables × 100000 rows in 'postgres' DB ...
Creating table 'sbtest16'...
Inserting 100000 records into 'sbtest16'
Creating a secondary index on 'sbtest16'...

sysbench: workload=oltp_read_only threads=32 duration=20s tables=16 table_size=100000 backend=direct skip_trx=off pool_ceiling=

==================================================
  vanilla PG (127.0.0.1:54329)
==================================================
sysbench 1.0.20 (using system LuaJIT 2.1.0-beta3)

Running the test with following options:
Number of threads: 32
Initializing random number generator from current time


Initializing worker threads...

Threads started!

SQL statistics:
    queries performed:
        read:                            189798
        write:                           0
        other:                           27114
        total:                           216912
    transactions:                        13557  (675.92 per sec.)
    queries:                             216912 (10814.80 per sec.)
    ignored errors:                      0      (0.00 per sec.)
    reconnects:                          0      (0.00 per sec.)

General statistics:
    total time:                          20.0552s
    total number of events:              13557

Latency (ms):
         min:                                    5.75
         avg:                                   47.27
         max:                                  102.62
         95th percentile:                       71.83
         sum:                               640809.78

Threads fairness:
    events (avg/stddev):           423.6562/40.82
    execution time (avg/stddev):   20.0253/0.02


==================================================
  pg_transport (127.0.0.1:5454)
==================================================
sysbench 1.0.20 (using system LuaJIT 2.1.0-beta3)

Running the test with following options:
Number of threads: 32
Initializing random number generator from current time


Initializing worker threads...

FATAL: Connection to database failed: connection to server at "127.0.0.1", port 5454 failed: server closed the connection unexpectedly
	This probably means the server terminated abnormally
	before or while processing the request.

FATAL: `thread_init' function failed: /usr/share/sysbench/oltp_common.lua:349: connection creation failed
FATAL: Thread initialization failed!
sysbench: FAILED — server log tail follows ----
2026-05-28 04:23:36.307 UTC [171463] LOG:  pg_transport slot: FE closed UDS, exiting
2026-05-28 04:23:36.307 UTC [171463] LOG:  pg_transport slot: clean exit
2026-05-28 04:23:36.308 UTC [171454] LOG:  pg_transport slot: FE closed UDS, exiting
2026-05-28 04:23:36.308 UTC [171454] LOG:  pg_transport slot: clean exit
2026-05-28 04:23:36.309 UTC [171469] LOG:  pg_transport slot: FE closed UDS, exiting
2026-05-28 04:23:36.309 UTC [171469] LOG:  pg_transport slot: clean exit
2026-05-28 04:23:36.309 UTC [171462] LOG:  pg_transport slot: FE closed UDS, exiting
2026-05-28 04:23:36.309 UTC [171462] LOG:  pg_transport slot: clean exit
2026-05-28 04:23:36.310 UTC [171461] LOG:  pg_transport slot: FE closed UDS, exiting
2026-05-28 04:23:36.310 UTC [171449] LOG:  pg_transport slot: FE closed UDS, exiting
2026-05-28 04:23:36.310 UTC [171461] LOG:  pg_transport slot: clean exit
2026-05-28 04:23:36.310 UTC [171449] LOG:  pg_transport slot: clean exit
2026-05-28 04:23:36.311 UTC [171446] LOG:  pg_transport slot: FE closed UDS, exiting
2026-05-28 04:23:36.311 UTC [171446] LOG:  pg_transport slot: clean exit
2026-05-28 04:23:36.311 UTC [171456] LOG:  pg_transport slot: FE closed UDS, exiting
2026-05-28 04:23:36.311 UTC [171456] LOG:  pg_transport slot: clean exit
2026-05-28 04:23:36.313 UTC [171097] LOG:  shutting down
2026-05-28 04:23:36.320 UTC [171097] LOG:  checkpoint starting: shutdown immediate
2026-05-28 04:23:37.930 UTC [171097] LOG:  checkpoint complete: wrote 7829 buffers (47.8%), wrote 3 SLRU buffers; 0 WAL file(s) added, 0 removed, 31 recycled; write=0.534 s, sync=0.960 s, total=1.618 s; sync files=137, longest=0.170 s, average=0.008 s; distance=513671 kB, estimate=513671 kB; lsn=0/20CFEE10, redo lsn=0/20CFEE10
2026-05-28 04:23:37.957 UTC [171093] LOG:  database system is shut down
sysbench: ---- end server log
error: Recipe `sysbench` failed with exit code 1
=========================================================
=== [9/12] oltp_update_index be=spi threads=16 ===
=========================================================
[32m[1m       Using[0m[39m [37m[1mPgConfig("pg18")[0m[39m and `pg_config` from [36m/home/azureuser/.pgrx/18.4/pgrx-install/bin/pg_config[39m
    Finished `release` profile [optimized] target(s) in 0.12s
[32m[1m  Discovered[0m[39m [36m[1m1[0m[39m SQL entities: [36m[1m0[0m[39m schemas ([36m[1m0[0m[39m unique), [36m[1m1[0m[39m functions, [36m[1m0[0m[39m types, [36m[1m0[0m[39m enums, [36m[1m0[0m[39m sqls, [36m[1m0[0m[39m ords, [36m[1m0[0m[39m hashes, [36m[1m0[0m[39m aggregates, [36m[1m0[0m[39m triggers
[32m[1m     Writing[0m[39m SQL entities to /home/azureuser/.pgrx/18.4/pgrx-install/share/postgresql/extension/pg_transport--0.0.1.sql
sysbench: preparing 16 tables × 100000 rows in 'postgres' DB ...
Creating table 'sbtest16'...
Inserting 100000 records into 'sbtest16'
Creating a secondary index on 'sbtest16'...

sysbench: workload=oltp_update_index threads=16 duration=20s tables=16 table_size=100000 backend=spi skip_trx=off pool_ceiling=

==================================================
  vanilla PG (127.0.0.1:54329)
==================================================
sysbench 1.0.20 (using system LuaJIT 2.1.0-beta3)

Running the test with following options:
Number of threads: 16
Initializing random number generator from current time


Initializing worker threads...

Threads started!

SQL statistics:
    queries performed:
        read:                            0
        write:                           82435
        other:                           0
        total:                           82435
    transactions:                        82435  (4119.39 per sec.)
    queries:                             82435  (4119.39 per sec.)
    ignored errors:                      0      (0.00 per sec.)
    reconnects:                          0      (0.00 per sec.)

General statistics:
    total time:                          20.0096s
    total number of events:              82435

Latency (ms):
         min:                                    1.65
         avg:                                    3.88
         max:                                  158.10
         95th percentile:                        5.88
         sum:                               319935.85

Threads fairness:
    events (avg/stddev):           5152.1875/1.91
    execution time (avg/stddev):   19.9960/0.00


==================================================
  pg_transport (127.0.0.1:5454)
==================================================
sysbench 1.0.20 (using system LuaJIT 2.1.0-beta3)

Running the test with following options:
Number of threads: 16
Initializing random number generator from current time


Initializing worker threads...

Threads started!

SQL statistics:
    queries performed:
        read:                            0
        write:                           64702
        other:                           0
        total:                           64702
    transactions:                        64702  (3234.33 per sec.)
    queries:                             64702  (3234.33 per sec.)
    ignored errors:                      0      (0.00 per sec.)
    reconnects:                          0      (0.00 per sec.)

General statistics:
    total time:                          20.0033s
    total number of events:              64702

Latency (ms):
         min:                                    1.68
         avg:                                    4.94
         max:                                  494.57
         95th percentile:                        7.43
         sum:                               319929.72

Threads fairness:
    events (avg/stddev):           4043.8750/1.49
    execution time (avg/stddev):   19.9956/0.00
=========================================================
=== [10/12] oltp_update_index be=spi threads=32 ===
=========================================================
[32m[1m       Using[0m[39m [37m[1mPgConfig("pg18")[0m[39m and `pg_config` from [36m/home/azureuser/.pgrx/18.4/pgrx-install/bin/pg_config[39m
    Finished `release` profile [optimized] target(s) in 0.12s
[32m[1m  Discovered[0m[39m [36m[1m1[0m[39m SQL entities: [36m[1m0[0m[39m schemas ([36m[1m0[0m[39m unique), [36m[1m1[0m[39m functions, [36m[1m0[0m[39m types, [36m[1m0[0m[39m enums, [36m[1m0[0m[39m sqls, [36m[1m0[0m[39m ords, [36m[1m0[0m[39m hashes, [36m[1m0[0m[39m aggregates, [36m[1m0[0m[39m triggers
[32m[1m     Writing[0m[39m SQL entities to /home/azureuser/.pgrx/18.4/pgrx-install/share/postgresql/extension/pg_transport--0.0.1.sql
sysbench: preparing 16 tables × 100000 rows in 'postgres' DB ...
Creating table 'sbtest16'...
Inserting 100000 records into 'sbtest16'
Creating a secondary index on 'sbtest16'...

sysbench: workload=oltp_update_index threads=32 duration=20s tables=16 table_size=100000 backend=spi skip_trx=off pool_ceiling=

==================================================
  vanilla PG (127.0.0.1:54329)
==================================================
sysbench 1.0.20 (using system LuaJIT 2.1.0-beta3)

Running the test with following options:
Number of threads: 32
Initializing random number generator from current time


Initializing worker threads...

Threads started!

SQL statistics:
    queries performed:
        read:                            0
        write:                           128576
        other:                           0
        total:                           128576
    transactions:                        128576 (6419.56 per sec.)
    queries:                             128576 (6419.56 per sec.)
    ignored errors:                      0      (0.00 per sec.)
    reconnects:                          0      (0.00 per sec.)

General statistics:
    total time:                          20.0270s
    total number of events:              128576

Latency (ms):
         min:                                    1.93
         avg:                                    4.98
         max:                                  267.40
         95th percentile:                        7.04
         sum:                               640002.73

Threads fairness:
    events (avg/stddev):           4018.0000/2.44
    execution time (avg/stddev):   20.0001/0.01


==================================================
  pg_transport (127.0.0.1:5454)
==================================================
sysbench 1.0.20 (using system LuaJIT 2.1.0-beta3)

Running the test with following options:
Number of threads: 32
Initializing random number generator from current time


Initializing worker threads...

FATAL: Connection to database failed: connection to server at "127.0.0.1", port 5454 failed: server closed the connection unexpectedly
	This probably means the server terminated abnormally
	before or while processing the request.

FATAL: `thread_init' function failed: /usr/share/sysbench/oltp_common.lua:349: connection creation failed
FATAL: Thread initialization failed!
sysbench: FAILED — server log tail follows ----
2026-05-28 04:26:13.469 UTC [172326] LOG:  pg_transport slot: FE closed UDS, exiting
2026-05-28 04:26:13.469 UTC [172340] LOG:  pg_transport slot: clean exit
2026-05-28 04:26:13.469 UTC [172326] LOG:  pg_transport slot: clean exit
2026-05-28 04:26:13.469 UTC [172309] LOG:  pg_transport slot: FE closed UDS, exiting
2026-05-28 04:26:13.469 UTC [172309] LOG:  pg_transport slot: clean exit
2026-05-28 04:26:13.470 UTC [172323] LOG:  pg_transport slot: FE closed UDS, exiting
2026-05-28 04:26:13.470 UTC [172323] LOG:  pg_transport slot: clean exit
2026-05-28 04:26:13.471 UTC [172327] LOG:  pg_transport slot: FE closed UDS, exiting
2026-05-28 04:26:13.471 UTC [172327] LOG:  pg_transport slot: clean exit
2026-05-28 04:26:13.471 UTC [172318] LOG:  pg_transport slot: FE closed UDS, exiting
2026-05-28 04:26:13.471 UTC [172318] LOG:  pg_transport slot: clean exit
2026-05-28 04:26:13.473 UTC [172344] LOG:  pg_transport slot: FE closed UDS, exiting
2026-05-28 04:26:13.473 UTC [172334] LOG:  pg_transport slot: FE closed UDS, exiting
2026-05-28 04:26:13.473 UTC [172344] LOG:  pg_transport slot: clean exit
2026-05-28 04:26:13.473 UTC [172334] LOG:  pg_transport slot: clean exit
2026-05-28 04:26:15.122 UTC [171971] LOG:  checkpoint complete: wrote 11268 buffers (68.8%), wrote 35 SLRU buffers; 0 WAL file(s) added, 0 removed, 33 recycled; write=17.105 s, sync=1.044 s, total=18.357 s; sync files=131, longest=0.445 s, average=0.008 s; distance=533141 kB, estimate=533141 kB; lsn=0/30C71AA8, redo lsn=0/22002518
2026-05-28 04:26:15.122 UTC [171971] LOG:  shutting down
2026-05-28 04:26:15.125 UTC [171971] LOG:  checkpoint starting: shutdown immediate
2026-05-28 04:26:16.424 UTC [171971] LOG:  checkpoint complete: wrote 9279 buffers (56.6%), wrote 4 SLRU buffers; 0 WAL file(s) added, 0 removed, 14 recycled; write=0.878 s, sync=0.365 s, total=1.302 s; sync files=71, longest=0.355 s, average=0.006 s; distance=242109 kB, estimate=504038 kB; lsn=0/30C71B20, redo lsn=0/30C71B20
2026-05-28 04:26:16.449 UTC [171967] LOG:  database system is shut down
sysbench: ---- end server log
error: Recipe `sysbench` failed with exit code 1
=========================================================
=== [11/12] oltp_update_index be=direct threads=16 ===
=========================================================
[32m[1m       Using[0m[39m [37m[1mPgConfig("pg18")[0m[39m and `pg_config` from [36m/home/azureuser/.pgrx/18.4/pgrx-install/bin/pg_config[39m
    Finished `release` profile [optimized] target(s) in 0.12s
[32m[1m  Discovered[0m[39m [36m[1m1[0m[39m SQL entities: [36m[1m0[0m[39m schemas ([36m[1m0[0m[39m unique), [36m[1m1[0m[39m functions, [36m[1m0[0m[39m types, [36m[1m0[0m[39m enums, [36m[1m0[0m[39m sqls, [36m[1m0[0m[39m ords, [36m[1m0[0m[39m hashes, [36m[1m0[0m[39m aggregates, [36m[1m0[0m[39m triggers
[32m[1m     Writing[0m[39m SQL entities to /home/azureuser/.pgrx/18.4/pgrx-install/share/postgresql/extension/pg_transport--0.0.1.sql
sysbench: preparing 16 tables × 100000 rows in 'postgres' DB ...
Creating table 'sbtest16'...
Inserting 100000 records into 'sbtest16'
Creating a secondary index on 'sbtest16'...

sysbench: workload=oltp_update_index threads=16 duration=20s tables=16 table_size=100000 backend=direct skip_trx=off pool_ceiling=

==================================================
  vanilla PG (127.0.0.1:54329)
==================================================
sysbench 1.0.20 (using system LuaJIT 2.1.0-beta3)

Running the test with following options:
Number of threads: 16
Initializing random number generator from current time


Initializing worker threads...

Threads started!

SQL statistics:
    queries performed:
        read:                            0
        write:                           80803
        other:                           0
        total:                           80803
    transactions:                        80803  (4036.65 per sec.)
    queries:                             80803  (4036.65 per sec.)
    ignored errors:                      0      (0.00 per sec.)
    reconnects:                          0      (0.00 per sec.)

General statistics:
    total time:                          20.0157s
    total number of events:              80803

Latency (ms):
         min:                                    1.96
         avg:                                    3.96
         max:                                  294.05
         95th percentile:                        5.77
         sum:                               319998.78

Threads fairness:
    events (avg/stddev):           5050.1875/1.42
    execution time (avg/stddev):   19.9999/0.00


==================================================
  pg_transport (127.0.0.1:5454)
==================================================
sysbench 1.0.20 (using system LuaJIT 2.1.0-beta3)

Running the test with following options:
Number of threads: 16
Initializing random number generator from current time


Initializing worker threads...

Threads started!

SQL statistics:
    queries performed:
        read:                            0
        write:                           64187
        other:                           0
        total:                           64187
    transactions:                        64187  (3208.50 per sec.)
    queries:                             64187  (3208.50 per sec.)
    ignored errors:                      0      (0.00 per sec.)
    reconnects:                          0      (0.00 per sec.)

General statistics:
    total time:                          20.0039s
    total number of events:              64187

Latency (ms):
         min:                                    1.60
         avg:                                    4.98
         max:                                  368.78
         95th percentile:                        7.30
         sum:                               319968.62

Threads fairness:
    events (avg/stddev):           4011.6875/1.99
    execution time (avg/stddev):   19.9980/0.00
=========================================================
=== [12/12] oltp_update_index be=direct threads=32 ===
=========================================================
[32m[1m       Using[0m[39m [37m[1mPgConfig("pg18")[0m[39m and `pg_config` from [36m/home/azureuser/.pgrx/18.4/pgrx-install/bin/pg_config[39m
    Finished `release` profile [optimized] target(s) in 0.12s
[32m[1m  Discovered[0m[39m [36m[1m1[0m[39m SQL entities: [36m[1m0[0m[39m schemas ([36m[1m0[0m[39m unique), [36m[1m1[0m[39m functions, [36m[1m0[0m[39m types, [36m[1m0[0m[39m enums, [36m[1m0[0m[39m sqls, [36m[1m0[0m[39m ords, [36m[1m0[0m[39m hashes, [36m[1m0[0m[39m aggregates, [36m[1m0[0m[39m triggers
[32m[1m     Writing[0m[39m SQL entities to /home/azureuser/.pgrx/18.4/pgrx-install/share/postgresql/extension/pg_transport--0.0.1.sql
sysbench: preparing 16 tables × 100000 rows in 'postgres' DB ...
Creating table 'sbtest16'...
Inserting 100000 records into 'sbtest16'
Creating a secondary index on 'sbtest16'...

sysbench: workload=oltp_update_index threads=32 duration=20s tables=16 table_size=100000 backend=direct skip_trx=off pool_ceiling=

==================================================
  vanilla PG (127.0.0.1:54329)
==================================================
sysbench 1.0.20 (using system LuaJIT 2.1.0-beta3)

Running the test with following options:
Number of threads: 32
Initializing random number generator from current time


Initializing worker threads...

Threads started!

SQL statistics:
    queries performed:
        read:                            0
        write:                           127813
        other:                           0
        total:                           127813
    transactions:                        127813 (6381.58 per sec.)
    queries:                             127813 (6381.58 per sec.)
    ignored errors:                      0      (0.00 per sec.)
    reconnects:                          0      (0.00 per sec.)

General statistics:
    total time:                          20.0267s
    total number of events:              127813

Latency (ms):
         min:                                    2.09
         avg:                                    5.01
         max:                                  482.07
         95th percentile:                        7.30
         sum:                               639995.14

Threads fairness:
    events (avg/stddev):           3994.1562/2.21
    execution time (avg/stddev):   19.9998/0.01


==================================================
  pg_transport (127.0.0.1:5454)
==================================================
sysbench 1.0.20 (using system LuaJIT 2.1.0-beta3)

Running the test with following options:
Number of threads: 32
Initializing random number generator from current time


Initializing worker threads...

FATAL: Connection to database failed: connection to server at "127.0.0.1", port 5454 failed: server closed the connection unexpectedly
	This probably means the server terminated abnormally
	before or while processing the request.

FATAL: `thread_init' function failed: /usr/share/sysbench/oltp_common.lua:349: connection creation failed
FATAL: Thread initialization failed!
sysbench: FAILED — server log tail follows ----
2026-05-28 04:28:51.232 UTC [173209] LOG:  pg_transport slot: clean exit
2026-05-28 04:28:51.232 UTC [173210] LOG:  pg_transport slot: clean exit
2026-05-28 04:28:51.233 UTC [173235] LOG:  pg_transport slot: FE closed UDS, exiting
2026-05-28 04:28:51.233 UTC [173235] LOG:  pg_transport slot: clean exit
2026-05-28 04:28:51.233 UTC [173206] LOG:  pg_transport slot: FE closed UDS, exiting
2026-05-28 04:28:51.233 UTC [173206] LOG:  pg_transport slot: clean exit
2026-05-28 04:28:51.233 UTC [173201] LOG:  pg_transport slot: FE closed UDS, exiting
2026-05-28 04:28:51.233 UTC [173201] LOG:  pg_transport slot: clean exit
2026-05-28 04:28:51.233 UTC [173227] LOG:  pg_transport slot: FE closed UDS, exiting
2026-05-28 04:28:51.234 UTC [173227] LOG:  pg_transport slot: clean exit
2026-05-28 04:28:51.234 UTC [173204] LOG:  pg_transport slot: FE closed UDS, exiting
2026-05-28 04:28:51.234 UTC [173204] LOG:  pg_transport slot: clean exit
2026-05-28 04:28:51.234 UTC [173229] LOG:  pg_transport slot: FE closed UDS, exiting
2026-05-28 04:28:51.234 UTC [172886] LOG:  background worker "logical replication launcher" (PID 172896) exited with exit code 1
2026-05-28 04:28:51.234 UTC [173229] LOG:  pg_transport slot: clean exit
2026-05-28 04:28:52.587 UTC [172890] LOG:  checkpoint complete: wrote 11185 buffers (68.3%), wrote 35 SLRU buffers; 0 WAL file(s) added, 0 removed, 33 recycled; write=16.696 s, sync=0.981 s, total=17.865 s; sync files=130, longest=0.210 s, average=0.008 s; distance=533138 kB, estimate=533138 kB; lsn=0/30260A98, redo lsn=0/22001AF0
2026-05-28 04:28:52.587 UTC [172890] LOG:  shutting down
2026-05-28 04:28:52.590 UTC [172890] LOG:  checkpoint starting: shutdown immediate
2026-05-28 04:28:53.867 UTC [172890] LOG:  checkpoint complete: wrote 8833 buffers (53.9%), wrote 4 SLRU buffers; 0 WAL file(s) added, 0 removed, 14 recycled; write=0.911 s, sync=0.311 s, total=1.280 s; sync files=70, longest=0.304 s, average=0.005 s; distance=231804 kB, estimate=503005 kB; lsn=0/30260B10, redo lsn=0/30260B10
2026-05-28 04:28:53.892 UTC [172886] LOG:  database system is shut down
sysbench: ---- end server log
error: Recipe `sysbench` failed with exit code 1
