sysbench sweep — pg_transport vs vanilla PG
  repo:       /home/azureuser/pg_transport
  outdir:     /home/azureuser/pg_transport/docs/bench/sysbench
  pg:         pg18
  workloads:  oltp_point_select oltp_read_only oltp_update_index
  backends:   spi direct
  threads:    4 16 32
  tables:     16
  table_size: 100000
  duration:   20s
  pool:       <default>
  started:    2026-05-24T19:21:06+00:00

[2026-05-24T19:21:06+00:00] START [1/18] oltp_point_select be=spi threads=4
[2026-05-24T19:22:34+00:00] DONE  [1/18] oltp_point_select be=spi threads=4  vanilla=22884.98 pgt=27467.14 ratio=1.200 88s ok
[2026-05-24T19:22:34+00:00] START [2/18] oltp_point_select be=spi threads=16
[2026-05-24T19:23:58+00:00] DONE  [2/18] oltp_point_select be=spi threads=16  vanilla=36367.87 pgt=45886.31 ratio=1.262 84s ok
[2026-05-24T19:23:58+00:00] START [3/18] oltp_point_select be=spi threads=32
[2026-05-24T19:25:06+00:00] DONE  [3/18] oltp_point_select be=spi threads=32  vanilla=NA pgt=NA ratio=NA 68s rc=1
[2026-05-24T19:25:06+00:00] START [4/18] oltp_point_select be=direct threads=4
[2026-05-24T19:26:30+00:00] DONE  [4/18] oltp_point_select be=direct threads=4  vanilla=22885.97 pgt=27594.00 ratio=1.206 84s ok
[2026-05-24T19:26:30+00:00] START [5/18] oltp_point_select be=direct threads=16
[2026-05-24T19:27:54+00:00] DONE  [5/18] oltp_point_select be=direct threads=16  vanilla=36345.42 pgt=45890.90 ratio=1.263 84s ok
[2026-05-24T19:27:54+00:00] START [6/18] oltp_point_select be=direct threads=32
[2026-05-24T19:29:17+00:00] DONE  [6/18] oltp_point_select be=direct threads=32  vanilla=34518.50 pgt=45104.75 ratio=1.307 83s ok
[2026-05-24T19:29:17+00:00] START [7/18] oltp_read_only be=spi threads=4
[2026-05-24T19:30:41+00:00] DONE  [7/18] oltp_read_only be=spi threads=4  vanilla=768.51 pgt=1204.97 ratio=1.568 84s ok
[2026-05-24T19:30:41+00:00] START [8/18] oltp_read_only be=spi threads=16
[2026-05-24T19:32:04+00:00] DONE  [8/18] oltp_read_only be=spi threads=16  vanilla=1209.27 pgt=1809.50 ratio=1.496 83s ok
[2026-05-24T19:32:04+00:00] START [9/18] oltp_read_only be=spi threads=32
[2026-05-24T19:33:12+00:00] DONE  [9/18] oltp_read_only be=spi threads=32  vanilla=NA pgt=NA ratio=NA 68s rc=1
[2026-05-24T19:33:12+00:00] START [10/18] oltp_read_only be=direct threads=4
[2026-05-24T19:34:36+00:00] DONE  [10/18] oltp_read_only be=direct threads=4  vanilla=765.32 pgt=1183.42 ratio=1.546 84s ok
[2026-05-24T19:34:36+00:00] START [11/18] oltp_read_only be=direct threads=16
[2026-05-24T19:35:59+00:00] DONE  [11/18] oltp_read_only be=direct threads=16  vanilla=1173.27 pgt=1825.63 ratio=1.556 83s ok
[2026-05-24T19:35:59+00:00] START [12/18] oltp_read_only be=direct threads=32
[2026-05-24T19:37:22+00:00] DONE  [12/18] oltp_read_only be=direct threads=32  vanilla=861.10 pgt=1832.57 ratio=2.128 83s ok
[2026-05-24T19:37:22+00:00] START [13/18] oltp_update_index be=spi threads=4
[2026-05-24T19:38:46+00:00] DONE  [13/18] oltp_update_index be=spi threads=4  vanilla=1225.16 pgt=1183.74 ratio=0.966 84s ok
[2026-05-24T19:38:46+00:00] START [14/18] oltp_update_index be=spi threads=16
[2026-05-24T19:40:11+00:00] DONE  [14/18] oltp_update_index be=spi threads=16  vanilla=4423.30 pgt=3276.82 ratio=0.741 85s ok
[2026-05-24T19:40:11+00:00] START [15/18] oltp_update_index be=spi threads=32
[2026-05-24T19:41:21+00:00] DONE  [15/18] oltp_update_index be=spi threads=32  vanilla=NA pgt=NA ratio=NA 70s rc=1
[2026-05-24T19:41:21+00:00] START [16/18] oltp_update_index be=direct threads=4
[2026-05-24T19:42:46+00:00] DONE  [16/18] oltp_update_index be=direct threads=4  vanilla=1229.39 pgt=1150.66 ratio=0.936 85s ok
[2026-05-24T19:42:46+00:00] START [17/18] oltp_update_index be=direct threads=16
[2026-05-24T19:44:10+00:00] DONE  [17/18] oltp_update_index be=direct threads=16  vanilla=4336.69 pgt=3316.48 ratio=0.765 84s ok
[2026-05-24T19:44:10+00:00] START [18/18] oltp_update_index be=direct threads=32
[2026-05-24T19:45:19+00:00] DONE  [18/18] oltp_update_index be=direct threads=32  vanilla=NA pgt=NA ratio=NA 69s rc=1

[2026-05-24T19:45:19+00:00] SWEEP COMPLETE in 1453s

results.tsv:
workload           backend  threads  vanilla_tps  pgt_tps   ratio
oltp_point_select  spi      4        22884.98     27467.14  1.200
oltp_point_select  spi      16       36367.87     45886.31  1.262
oltp_point_select  spi      32       NA           NA        NA
oltp_point_select  direct   4        22885.97     27594.00  1.206
oltp_point_select  direct   16       36345.42     45890.90  1.263
oltp_point_select  direct   32       34518.50     45104.75  1.307
oltp_read_only     spi      4        768.51       1204.97   1.568
oltp_read_only     spi      16       1209.27      1809.50   1.496
oltp_read_only     spi      32       NA           NA        NA
oltp_read_only     direct   4        765.32       1183.42   1.546
oltp_read_only     direct   16       1173.27      1825.63   1.556
oltp_read_only     direct   32       861.10       1832.57   2.128
oltp_update_index  spi      4        1225.16      1183.74   0.966
oltp_update_index  spi      16       4423.30      3276.82   0.741
oltp_update_index  spi      32       NA           NA        NA
oltp_update_index  direct   4        1229.39      1150.66   0.936
oltp_update_index  direct   16       4336.69      3316.48   0.765
oltp_update_index  direct   32       NA           NA        NA

Outputs:
  /home/azureuser/pg_transport/docs/bench/sysbench/results.tsv
  /home/azureuser/pg_transport/docs/bench/sysbench/results.md
  /home/azureuser/pg_transport/docs/bench/sysbench/run.log
  /home/azureuser/pg_transport/docs/bench/sysbench/progress.log
